---
source: src/parser/test.rs
description: a + add(b * c) + d
expression: first
---
((a + add((b * c))) + d);
