---
source: src/parser/test.rs
description: "add(x, y);"
expression: first
---
add(x,y);
