---
source: src/parser/test.rs
description: a * b * c
expression: first
---
((a * b) * c);
