---
source: src/parser/test.rs
description: "-(5 + 5)"
expression: first
---
(-(5 + 5));
