---
source: src/parser/test.rs
description: "false"
expression: first
---
false;
