---
source: src/parser/test.rs
description: "{}"
expression: first
---
{};
