---
source: src/parser/test.rs
description: add(x)
expression: stmts
---
[
    ExpressionStatement(
        Call { token: Spanned(0, 3..4, LParen), function: Identifier("add"), args: [Identifier("x")] },
    ),
]
