---
source: src/parser/test.rs
description: 1 + (2 + 3) + 4
expression: first
---
((1 + (2 + 3)) + 4);
