---
source: src/parser/test.rs
description: "add(x, y);"
expression: stmts
---
[
    ExpressionStatement(
        Call { function: Identifier("add"), args: [Identifier("x"), Identifier("y")] },
    ),
]
