---
source: src/parser/test.rs
description: "fn() {}"
expression: stmts
---
[
    ExpressionStatement(
        Function { params: [], body: Block { statements: [] } },
    ),
]
