---
source: src/parser/test.rs
description: 5 - 6;
expression: first
---
(5 - 6);
