---
source: src/parser/test.rs
description: add(x)
expression: first
---
add(x);
