---
source: src/parser/test.rs
description: "foo[add(3)]"
expression: first
---
(foo[add(3)]);
