---
source: src/parser/test.rs
description: "\"foo\" != \"bar\""
expression: first
---
("foo" != "bar");
