---
source: src/parser/test.rs
description: "!foobar;"
expression: first
---
(!foobar);
