---
source: src/parser/test.rs
description: "{true: \"bar\", 2: \"baz\"}[true]"
expression: first
---
({true: "bar", 2: "baz"}[true]);
