---
source: src/parser/test.rs
description: 3 < 5 == true
expression: first
---
((3 < 5) == true);
