---
source: src/lexer/mod.rs
expression: "(r#\"\"hello world\";\"#, tokens)"
---
(
    "\"hello world\";",
    [
        Str(
            "hello world",
        ),
        Semicolon,
        Eof,
    ],
)
