---
source: src/lexer/test.rs
description: 10 == 10;
expression: "debug_print(\"10 == 10;\", tokens)"
---
[
    Token(token: '10', slice: '10'),
    Token(token: '==', slice: '=='),
    Token(token: '10', slice: '10'),
    Token(token: ';', slice: ';'),
    Token(token: 'EOF', slice: ''),
]
