---
source: src/ast/statement.rs
expression: "\"let foo = true;\""
---
let foo = true;
