---
source: src/ast/statement.rs
expression: "\"let foobar = 838383;\""
---
let foobar = 838383;
