---
source: src/ast/statement.rs
expression: "\"let foo = \\\"bar\\\";\""
---
let foo = "bar";
