---
source: src/ast/expression.rs
description: 7 > 6
expression: first
---
ExpressionStatement(
    Infix { token: ">", left: Int(7), right: Int(6) },
)
