---
source: src/ast/expression.rs
description: "-5;"
expression: first
---
ExpressionStatement(
    Prefix(
        (-5),
    ),
)
