---
source: src/ast/expression.rs
description: "!(true == true)"
expression: first
---
(!(true == true));
