---
source: src/ast/expression.rs
description: "true"
expression: first
---
true;
