---
source: src/ast/expression.rs
description: 1 + (2 + 3) + 4
expression: first
---
((1 + (2 + 3)) + 4);
