---
source: src/ast/expression.rs
description: (5 + 5) * 2
expression: first
---
((5 + 5) * 2);
