---
source: src/ast/statement.rs
expression: "\"let x = 5;\""
---
let x = 5;
