---
source: src/ast/expression.rs
description: a + b * c + d / e - f
expression: first
---
(((a + (b * c)) + (d / e)) - f);
