---
source: src/ast/expression.rs
description: 3 > 5 == false
expression: first
---
((3 > 5) == false);
