---
source: src/ast/expression.rs
description: "false"
expression: first
---
false;
